2026-07-20T10:55:48Z INF Thank you for trying Cloudflare Tunnel. Doing so, without a Cloudflare account, is a quick way to experiment and try it out. However, be aware that these account-less Tunnels have no uptime guarantee, are subject to the Cloudflare Online Services Terms of Use (https://www.cloudflare.com/website-terms/), and Cloudflare reserves the right to investigate your use of Tunnels for violations of such terms. If you intend to use Tunnels in production you should use a pre-created named tunnel by following: https://developers.cloudflare.com/cloudflare-one/connections/connect-apps
2026-07-20T10:55:48Z INF Requesting new quick Tunnel on trycloudflare.com...
2026-07-20T10:55:52Z INF +--------------------------------------------------------------------------------------------+
2026-07-20T10:55:52Z INF |  Your quick Tunnel has been created! Visit it at (it may take some time to be reachable):  |
2026-07-20T10:55:52Z INF |  https://gardening-through-bunny-charitable.trycloudflare.com                              |
2026-07-20T10:55:52Z INF +--------------------------------------------------------------------------------------------+
2026-07-20T10:55:52Z INF Cannot determine default configuration path. No file [config.yml config.yaml] in [~/.cloudflared ~/.cloudflare-warp ~/cloudflare-warp]
2026-07-20T10:55:52Z INF Version 2026.7.2 (Checksum cdb5d4432f6ae1595654a692a51308b69d2bf7af961f5578d9391837cf072df9)
2026-07-20T10:55:52Z INF GOOS: windows, GOVersion: go1.26.4, GoArch: amd64
2026-07-20T10:55:52Z INF Settings: map[ha-connections:1 protocol:quic url:http://127.0.0.1:8001]
2026-07-20T10:55:52Z INF cloudflared will not automatically update on Windows systems.
2026-07-20T10:55:52Z INF Generated Connector ID: ca58df22-2b84-4242-a6a5-56dc1a1a78ba
2026-07-20T10:55:52Z INF Initial protocol quic
2026-07-20T10:55:52Z INF ICMP proxy will use 192.168.0.2 as source for IPv4
2026-07-20T10:55:52Z INF ICMP proxy will use 2406:7400:c8:decf:13e8:3345:862e:8d78 in zone Ethernet as source for IPv6
2026-07-20T10:55:52Z INF cloudflared does not support loading the system root certificate pool on Windows. Please use --origin-ca-pool <PATH> to specify the path to the certificate pool
2026-07-20T10:55:52Z INF ICMP proxy will use 192.168.0.2 as source for IPv4
2026-07-20T10:55:52Z INF Tunnel connection curve preferences: [X25519MLKEM768 CurveID(65074) CurveP256] connIndex=0 event=0 ip=2606:4700:a8::4
2026-07-20T10:55:52Z INF ICMP proxy will use 2406:7400:c8:decf:13e8:3345:862e:8d78 in zone Ethernet as source for IPv6
2026-07-20T10:55:52Z INF Starting metrics server on 127.0.0.1:20241/metrics
2026-07-20T10:55:52Z INF +-------------------------------------------------------------------------------------+
2026-07-20T10:55:52Z INF |                               CONNECTIVITY PRE-CHECKS                               |
2026-07-20T10:55:52Z INF +-------------------------------------------------------------------------------------+
2026-07-20T10:55:52Z INF |  COMPONENT         TARGET                     STATUS  DETAILS                       |
2026-07-20T10:55:52Z INF |  DNS Resolution    region1.v2.argotunnel.com  PASS    DNS Resolved successfully     |
2026-07-20T10:55:52Z INF |  DNS Resolution    region2.v2.argotunnel.com  PASS    DNS Resolved successfully     |
2026-07-20T10:55:52Z INF |  UDP Connectivity  region1.v2.argotunnel.com  PASS    QUIC connection successful    |
2026-07-20T10:55:52Z INF |  UDP Connectivity  region2.v2.argotunnel.com  PASS    QUIC connection successful    |
2026-07-20T10:55:52Z INF |  TCP Connectivity  region1.v2.argotunnel.com  PASS    HTTP/2 connection successful  |
2026-07-20T10:55:52Z INF |  TCP Connectivity  region2.v2.argotunnel.com  PASS    HTTP/2 connection successful  |
2026-07-20T10:55:52Z INF |  Cloudflare API    api.cloudflare.com:443     PASS    API is reachable              |
2026-07-20T10:55:52Z INF |                                                                                     |
2026-07-20T10:55:52Z INF |  SUMMARY: Environment is healthy. cloudflared will use 'quic' as primary protocol.  |
2026-07-20T10:55:52Z INF +-------------------------------------------------------------------------------------+
2026-07-20T10:55:52Z INF precheck component="DNS Resolution" details="DNS Resolved successfully" run_id=eb45019d-3d14-40af-8fb5-615ddee7c1ab status=pass target=region1.v2.argotunnel.com
2026-07-20T10:55:52Z INF precheck component="DNS Resolution" details="DNS Resolved successfully" run_id=eb45019d-3d14-40af-8fb5-615ddee7c1ab status=pass target=region2.v2.argotunnel.com
2026-07-20T10:55:52Z INF precheck component="UDP Connectivity" details="QUIC connection successful" run_id=eb45019d-3d14-40af-8fb5-615ddee7c1ab status=pass target=region1.v2.argotunnel.com
2026-07-20T10:55:52Z INF precheck component="UDP Connectivity" details="QUIC connection successful" run_id=eb45019d-3d14-40af-8fb5-615ddee7c1ab status=pass target=region2.v2.argotunnel.com
2026-07-20T10:55:52Z INF precheck component="TCP Connectivity" details="HTTP/2 connection successful" run_id=eb45019d-3d14-40af-8fb5-615ddee7c1ab status=pass target=region1.v2.argotunnel.com
2026-07-20T10:55:52Z INF precheck component="TCP Connectivity" details="HTTP/2 connection successful" run_id=eb45019d-3d14-40af-8fb5-615ddee7c1ab status=pass target=region2.v2.argotunnel.com
2026-07-20T10:55:52Z INF precheck component="Cloudflare API" details="API is reachable" run_id=eb45019d-3d14-40af-8fb5-615ddee7c1ab status=pass target=api.cloudflare.com:443
2026-07-20T10:55:52Z INF precheck complete hard_fail=false run_id=eb45019d-3d14-40af-8fb5-615ddee7c1ab suggested_protocol=quic
2026-07-20T10:55:52Z INF Registered tunnel connection connIndex=0 connection=6f2c9be1-25c0-4a86-91e6-54d9e42dbf48 event=0 ip=2606:4700:a8::4 location=bom11 protocol=quic
